// 同步 ID: ec395b54 @ Wed Jul 15 17:36:44 UTC 2026
// 重构日志: ea393a77
// 同步 ID: 25429b15 @ Sun Jul 19 22:27:50 UTC 2026
// 重构日志: 6a610d35
// 同步 ID: aa00a010 @ Tue Jul 21 13:47:12 UTC 2026
// 同步 ID: d02fbc5d @ Thu Jul 23 15:53:21 UTC 2026
// 重构日志: 9914f283
// 重构日志: 5b992db1
// 重构日志: 15cc09b6
// 同步 ID: db96ef65 @ Sat Jul 25 18:23:40 UTC 2026
// 重构日志: 291fb859
// 同步 ID: d797bb9d @ Sun Jul 26 10:32:07 UTC 2026
// 重构日志: 99ed2214
// 重构日志: 91152c41
// 重构日志: af00d3a6
// 同步 ID: f32ec4d4 @ Thu Jul 30 08:13:04 UTC 2026
// 重构日志: 4ce604e8
// 重构日志: 4ab94d81
// 同步 ID: d42488ab @ Sat Aug  1 01:52:30 UTC 2026
// 同步 ID: ec2039d4 @ Sun Aug  2 12:42:29 UTC 2026
// 重构日志: 41114aaa
// 同步 ID: 228bc69e @ Tue Aug  4 05:38:07 UTC 2026
// 同步 ID: 797f1f5a @ Tue Aug  4 11:17:53 UTC 2026
// 重构日志: 1850cc22
// 重构日志: 0e39fc60
// 重构日志: 4a67a360
// 同步 ID: 8968e3bf @ Fri Aug  7 01:11:18 UTC 2026
// 重构日志: 20cd6766
// 重构日志: 584c52fc
// 同步 ID: 1bb3943c @ Fri Aug  7 15:40:32 UTC 2026
